---
source: src/core/anthropic_messages/mod.rs
expression: frames_to_snapshot(&frames)
---
[
  {
    "data": {
      "message": {
        "content": [],
        "id": "msg_stream",
        "model": "",
        "role": "assistant",
        "type": "message",
        "usage": {
          "cache_creation_input_tokens": 0,
          "cache_read_input_tokens": 0,
          "input_tokens": 0,
          "output_tokens": 0
        }
      },
      "type": "message_start"
    },
    "event": "message_start"
  },
  {
    "data": {
      "content_block": {
        "text": "",
        "type": "text"
      },
      "index": 0,
      "type": "content_block_start"
    },
    "event": "content_block_start"
  },
  {
    "data": {
      "delta": {
        "text": "Hi",
        "type": "text_delta"
      },
      "index": 0,
      "type": "content_block_delta"
    },
    "event": "content_block_delta"
  },
  {
    "data": {
      "index": 0,
      "type": "content_block_stop"
    },
    "event": "content_block_stop"
  },
  {
    "data": {
      "delta": {
        "stop_reason": "tool_use",
        "stop_sequence": null
      },
      "type": "message_delta",
      "usage": {
        "cache_creation_input_tokens": 0,
        "cache_read_input_tokens": 0,
        "input_tokens": 3,
        "output_tokens": 2
      }
    },
    "event": "message_delta"
  },
  {
    "data": {
      "type": "message_stop"
    },
    "event": "message_stop"
  }
]
