---
source: tests/phase3_blackbox_test.rs
expression: frames
---
[
  {
    "event": null,
    "data": {
      "candidates": [
        {
          "content": {
            "parts": [
              {
                "text": "Hel"
              }
            ],
            "role": "model"
          },
          "index": 0
        }
      ],
      "modelVersion": "gpt-4o",
      "responseId": "chatcmpl-s"
    }
  },
  {
    "event": null,
    "data": {
      "candidates": [
        {
          "content": {
            "parts": [
              {
                "text": "lo"
              }
            ],
            "role": "model"
          },
          "index": 0
        }
      ],
      "modelVersion": "gpt-4o",
      "responseId": "chatcmpl-s"
    }
  },
  {
    "event": null,
    "data": {
      "candidates": [
        {
          "finishReason": "STOP",
          "index": 0
        }
      ],
      "modelVersion": "gpt-4o",
      "responseId": "chatcmpl-s",
      "usageMetadata": {
        "candidatesTokenCount": 2,
        "promptTokenCount": 10,
        "totalTokenCount": 12
      }
    }
  }
]
